[demo.misbahwp.com/corporate-lawyer-firm/index.html]
[backblue.gif]
[fade.gif]
[index.html]
[demo.misbahwp.com/corporate-lawyer-firm/wp-includes/css/dist/block-library/style.min6c2d.css]
[demo.misbahwp.com/corporate-lawyer-firm/feed/index.html]
[demo.misbahwp.com/corporate-lawyer-firm/comments/feed/index.html]
[demo.misbahwp.com/corporate-lawyer-firm/wp-content/plugins/top-bar/css/topbar_style6c2d.css]
[demo.misbahwp.com/corporate-lawyer-firm/wp-content/plugins/contact-form-7/includes/css/styles6a4d.css]
[demo.misbahwp.com/corporate-lawyer-firm/wp-content/plugins/woocommerce/assets/css/woocommerce-layout07af.css]
[demo.misbahwp.com/corporate-lawyer-firm/wp-content/plugins/woocommerce/assets/css/woocommerce-smallscreen07af.css]
[demo.misbahwp.com/corporate-lawyer-firm/wp-content/plugins/woocommerce/assets/css/woocommerce07af.css]
[demo.misbahwp.com/corporate-lawyer-firm/wp-content/plugins/woocommerce/assets/css/brands07af.css]
[demo.misbahwp.com/corporate-lawyer-firm/wp-content/themes/corporate-lawyer-firm-pro/css/bootstrap268f.css]
[demo.misbahwp.com/corporate-lawyer-firm/wp-content/themes/corporate-lawyer-firm-pro/css/fontawesome-all268f.css]
[demo.misbahwp.com/corporate-lawyer-firm/wp-content/themes/corporate-lawyer-firm-pro/css/owl.carousel531b.css]
[demo.misbahwp.com/corporate-lawyer-firm/wp-content/themes/corporate-lawyer-firm-pro/css/animates0235.css]
[demo.misbahwp.com/corporate-lawyer-firm/wp-content/themes/corporate-lawyer-firm-pro/css/woocommerce0235.css]
[demo.misbahwp.com/corporate-lawyer-firm/wp-content/themes/corporate-lawyer-firm-pro/style6c2d.css]
[demo.misbahwp.com/corporate-lawyer-firm/wp-includes/css/dashicons.min6c2d.css]
[demo.misbahwp.com/corporate-lawyer-firm/wp-includes/js/jquery/jquery.minf43b.js]
[demo.misbahwp.com/corporate-lawyer-firm/wp-includes/js/jquery/jquery-migrate.min5589.js]
[demo.misbahwp.com/corporate-lawyer-firm/wp-content/plugins/top-bar/js/tpbr_front.min6c2d.js]
[demo.misbahwp.com/corporate-lawyer-firm/wp-content/plugins/woocommerce/assets/js/jquery-blockui/jquery.blockUI.mincaed.js]
[demo.misbahwp.com/corporate-lawyer-firm/wp-content/plugins/woocommerce/assets/js/frontend/add-to-cart.min07af.js]
[demo.misbahwp.com/corporate-lawyer-firm/wp-content/plugins/woocommerce/assets/js/js-cookie/js.cookie.minc848.js]
[demo.misbahwp.com/corporate-lawyer-firm/wp-content/plugins/woocommerce/assets/js/frontend/woocommerce.min07af.js]
[demo.misbahwp.com/corporate-lawyer-firm/wp-json/wp/v2/pages/12.json]
[demo.misbahwp.com/corporate-lawyer-firm/wp-json/index.html]
[demo.misbahwp.com/corporate-lawyer-firm/xmlrpc0db0.php]
[demo.misbahwp.com/corporate-lawyer-firm/wp-json/oembed/1.0/embedf597.json]
[demo.misbahwp.com/corporate-lawyer-firm/wp-json/oembed/1.0/embed8989]
[demo.misbahwp.com/corporate-lawyer-firm/wp-content/themes/corporate-lawyer-firm-pro/images/background/background.png]
[demo.misbahwp.com/corporate-lawyer-firm/wp-content/themes/corporate-lawyer-firm-pro/images/background/we-expert-bg.png]
[demo.misbahwp.com/corporate-lawyer-firm/wp-content/themes/corporate-lawyer-firm-pro/images/background/choose-us-bg.png]
[demo.misbahwp.com/corporate-lawyer-firm/wp-content/themes/corporate-lawyer-firm-pro/images/background/appointment-bg.png]
[demo.misbahwp.com/corporate-lawyer-firm/wp-content/themes/corporate-lawyer-firm-pro/images/background/testimonial-bg.png]
[demo.misbahwp.com/corporate-lawyer-firm/wp-content/themes/corporate-lawyer-firm-pro/images/background/newsletter-bg.png]
[demo.misbahwp.com/corporate-lawyer-firm/wp-content/themes/corporate-lawyer-firm-pro/images/background/footer-bg.png]
[demo.misbahwp.com/corporate-lawyer-firm/wp-content/themes/corporate-lawyer-firm-pro/images/logo/logo.png]
[demo.misbahwp.com/corporate-lawyer-firm/case-studies/index.html]
[demo.misbahwp.com/corporate-lawyer-firm/blog/index.html]
[demo.misbahwp.com/corporate-lawyer-firm/post-left-sidebar/index.html]
[demo.misbahwp.com/corporate-lawyer-firm/post-right-sidebar/index.html]
[demo.misbahwp.com/corporate-lawyer-firm/page/index.html]
[demo.misbahwp.com/corporate-lawyer-firm/page-right-sidebar/index.html]
[demo.misbahwp.com/corporate-lawyer-firm/page-left-sidebar/index.html]
[demo.misbahwp.com/corporate-lawyer-firm/contact/index.html]
[demo.misbahwp.com/corporate-lawyer-firm/wp-content/themes/corporate-lawyer-firm-pro/images/slider/slider1.png]
[demo.misbahwp.com/corporate-lawyer-firm/wp-content/themes/corporate-lawyer-firm-pro/images/slider/slider2.png]
[demo.misbahwp.com/corporate-lawyer-firm/cart/index.html]
[demo.misbahwp.com/corporate-lawyer-firm/wp-content/themes/corporate-lawyer-firm-pro/images/slider/slider3.png]
[demo.misbahwp.com/corporate-lawyer-firm/wp-content/themes/corporate-lawyer-firm-pro/images/our-features/our-features1.png]
[demo.misbahwp.com/corporate-lawyer-firm/wp-content/themes/corporate-lawyer-firm-pro/images/our-features/our-features2.png]
[demo.misbahwp.com/corporate-lawyer-firm/wp-content/themes/corporate-lawyer-firm-pro/images/our-features/our-features3.png]
[demo.misbahwp.com/corporate-lawyer-firm/wp-content/themes/corporate-lawyer-firm-pro/images/our-features/our-features4.png]
[demo.misbahwp.com/corporate-lawyer-firm/wp-content/themes/corporate-lawyer-firm-pro/images/our-features/our-features5.png]
[demo.misbahwp.com/corporate-lawyer-firm/wp-content/themes/corporate-lawyer-firm-pro/images/about-us/vision.png]
[demo.misbahwp.com/corporate-lawyer-firm/wp-content/themes/corporate-lawyer-firm-pro/images/about-us/mission.png]
[demo.misbahwp.com/corporate-lawyer-firm/wp-content/themes/corporate-lawyer-firm-pro/images/about-us/about-us.png]
[demo.misbahwp.com/corporate-lawyer-firm/wp-content/themes/corporate-lawyer-firm-pro/images/background/courthouse-clr.png]
[demo.misbahwp.com/corporate-lawyer-firm/wp-content/themes/corporate-lawyer-firm-pro/images/we-expert/we-expert.png]
[demo.misbahwp.com/corporate-lawyer-firm/wp-content/uploads/sites/105/2024/07/latest-services4.png]
[demo.misbahwp.com/corporate-lawyer-firm/wp-content/uploads/sites/105/2024/07/latest-services5.png]
[demo.misbahwp.com/corporate-lawyer-firm/our_services/education-law/index.html]
[demo.misbahwp.com/corporate-lawyer-firm/wp-content/uploads/sites/105/2024/07/latest-services6.png]
[demo.misbahwp.com/corporate-lawyer-firm/our_services/criminal-law/index.html]
[demo.misbahwp.com/corporate-lawyer-firm/wp-content/uploads/sites/105/2024/07/latest-services1.png]
[demo.misbahwp.com/corporate-lawyer-firm/our_services/cyber-law/index.html]
[demo.misbahwp.com/corporate-lawyer-firm/wp-content/uploads/sites/105/2024/07/latest-services2.png]
[demo.misbahwp.com/corporate-lawyer-firm/our_services/civil-law/index.html]
[demo.misbahwp.com/corporate-lawyer-firm/wp-content/uploads/sites/105/2024/07/latest-services3.png]
[demo.misbahwp.com/corporate-lawyer-firm/our_services/family-law/index.html]
[demo.misbahwp.com/corporate-lawyer-firm/wp-content/themes/corporate-lawyer-firm-pro/images/choose-us/choose-us.png]
[demo.misbahwp.com/corporate-lawyer-firm/our_services/business-law/index.html]
[demo.misbahwp.com/corporate-lawyer-firm/wp-content/themes/corporate-lawyer-firm-pro/images/our-team/our-team1.png]
[demo.misbahwp.com/corporate-lawyer-firm/wp-content/themes/corporate-lawyer-firm-pro/images/our-team/our-team2.png]
[demo.misbahwp.com/corporate-lawyer-firm/wp-content/themes/corporate-lawyer-firm-pro/images/our-team/our-team3.png]
[demo.misbahwp.com/corporate-lawyer-firm/wp-content/themes/corporate-lawyer-firm-pro/images/our-team/our-team4.png]
[demo.misbahwp.com/corporate-lawyer-firm/wp-content/themes/corporate-lawyer-firm-pro/images/our-team/our-team5.png]
[demo.misbahwp.com/corporate-lawyer-firm/wp-content/themes/corporate-lawyer-firm-pro/images/our-team/our-team6.png]
[demo.misbahwp.com/corporate-lawyer-firm/wp-content/themes/corporate-lawyer-firm-pro/images/our-team/our-team7.png]
[demo.misbahwp.com/corporate-lawyer-firm/wp-content/themes/corporate-lawyer-firm-pro/images/our-team/our-team8.png]
[demo.misbahwp.com/corporate-lawyer-firm/wp-content/themes/corporate-lawyer-firm-pro/images/our-team/our-team9.png]
[demo.misbahwp.com/corporate-lawyer-firm/wp-content/themes/corporate-lawyer-firm-pro/images/background/courthouse-bw.png]
[demo.misbahwp.com/corporate-lawyer-firm/wp-content/themes/corporate-lawyer-firm-pro/images/appointment/appointment.png]
[demo.misbahwp.com/corporate-lawyer-firm/wp-content/uploads/sites/105/2024/07/case-studies8.png]
[demo.misbahwp.com/corporate-lawyer-firm/wp-content/uploads/sites/105/2024/07/case-studies7.png]
[demo.misbahwp.com/corporate-lawyer-firm/case_studies/the-power-of-cooperation-2/index.html]
[demo.misbahwp.com/corporate-lawyer-firm/wp-content/uploads/sites/105/2024/07/case-studies5.png]
[demo.misbahwp.com/corporate-lawyer-firm/case_studies/the-insurance-paid-hospital-2/index.html]
[demo.misbahwp.com/corporate-lawyer-firm/wp-content/uploads/sites/105/2024/07/case-studies6.png]
[demo.misbahwp.com/corporate-lawyer-firm/wp-content/uploads/sites/105/2024/07/case-studies4.png]
[demo.misbahwp.com/corporate-lawyer-firm/case_studies/strange-accident-happened-2/index.html]
[demo.misbahwp.com/corporate-lawyer-firm/case_studies/international-tax-treaties-2/index.html]
[demo.misbahwp.com/corporate-lawyer-firm/case_studies/the-power-of-cooperation/index.html]
[demo.misbahwp.com/corporate-lawyer-firm/wp-content/uploads/sites/105/2024/07/case-studies2.png]
[demo.misbahwp.com/corporate-lawyer-firm/wp-content/uploads/sites/105/2024/07/case-studies3.png]
[demo.misbahwp.com/corporate-lawyer-firm/case_studies/international-tax-treaties/index.html]
[demo.misbahwp.com/corporate-lawyer-firm/wp-content/uploads/sites/105/2024/07/case-studies1.png]
[demo.misbahwp.com/corporate-lawyer-firm/case_studies/the-insurance-paid-hospital/index.html]
[demo.misbahwp.com/corporate-lawyer-firm/wp-content/uploads/sites/105/2024/07/latest-news6.png]
[demo.misbahwp.com/corporate-lawyer-firm/case_studies/strange-accident-happened/index.html]
[demo.misbahwp.com/corporate-lawyer-firm/wp-content/uploads/sites/105/2024/07/latest-news5.png]
[demo.misbahwp.com/corporate-lawyer-firm/2024/07/27/why-law-firms-love-reputation-management-companies-2/index.html]
[demo.misbahwp.com/corporate-lawyer-firm/wp-content/uploads/sites/105/2024/07/latest-news4.png]
[demo.misbahwp.com/corporate-lawyer-firm/2024/07/27/lets-welcome-a-world-class-packaging-team-built-for-you-2/index.html]
[demo.misbahwp.com/corporate-lawyer-firm/2024/07/27/discover-a-better-way-of-redefining-company-goals-faster-2/index.html]
[demo.misbahwp.com/corporate-lawyer-firm/wp-content/uploads/sites/105/2024/07/latest-news3.png]
[demo.misbahwp.com/corporate-lawyer-firm/2024/07/27/why-law-firms-love-reputation-management-companies/index.html]
[demo.misbahwp.com/corporate-lawyer-firm/wp-content/uploads/sites/105/2024/07/latest-news2.png]
[demo.misbahwp.com/corporate-lawyer-firm/wp-content/uploads/sites/105/2024/07/latest-news1.png]
[demo.misbahwp.com/corporate-lawyer-firm/2024/07/27/lets-welcome-a-world-class-packaging-team-built-for-you/index.html]
[demo.misbahwp.com/corporate-lawyer-firm/2024/07/27/discover-a-better-way-of-redefining-company-goals-faster/index.html]
[demo.misbahwp.com/corporate-lawyer-firm/wp-content/themes/corporate-lawyer-firm-pro/images/our-books/our-books1.png]
[demo.misbahwp.com/corporate-lawyer-firm/wp-content/themes/corporate-lawyer-firm-pro/images/our-books/our-books2.png]
[demo.misbahwp.com/corporate-lawyer-firm/wp-content/themes/corporate-lawyer-firm-pro/images/our-books/our-books3.png]
[demo.misbahwp.com/corporate-lawyer-firm/wp-content/themes/corporate-lawyer-firm-pro/images/our-books/our-books4.png]
[demo.misbahwp.com/corporate-lawyer-firm/wp-content/themes/corporate-lawyer-firm-pro/images/our-books/our-books5.png]
[demo.misbahwp.com/corporate-lawyer-firm/wp-content/themes/corporate-lawyer-firm-pro/images/our-books/our-books6.png]
[demo.misbahwp.com/corporate-lawyer-firm/wp-content/themes/corporate-lawyer-firm-pro/images/our-books/our-books7.png]
[demo.misbahwp.com/corporate-lawyer-firm/wp-content/themes/corporate-lawyer-firm-pro/images/our-books/our-books8.png]
[demo.misbahwp.com/corporate-lawyer-firm/wp-content/uploads/sites/105/2024/07/logo.png]
[demo.misbahwp.com/corporate-lawyer-firm/wp-content/plugins/woocommerce/assets/client/blocks/wc-blocks6512.css]
[demo.misbahwp.com/corporate-lawyer-firm/wp-includes/js/dist/hooks.min4fdd.js]
[demo.misbahwp.com/corporate-lawyer-firm/wp-includes/js/dist/i18n.minc33c.js]
[demo.misbahwp.com/corporate-lawyer-firm/wp-content/plugins/contact-form-7/includes/swv/js/index6a4d.js]
[demo.misbahwp.com/corporate-lawyer-firm/wp-content/plugins/contact-form-7/includes/js/index6a4d.js]
[demo.misbahwp.com/corporate-lawyer-firm/wp-content/themes/corporate-lawyer-firm-pro/js/navigation5152.js]
[demo.misbahwp.com/corporate-lawyer-firm/wp-content/themes/corporate-lawyer-firm-pro/js/owl.carousel531b.js]
[demo.misbahwp.com/corporate-lawyer-firm/wp-content/themes/corporate-lawyer-firm-pro/js/script5152.js]
[demo.misbahwp.com/corporate-lawyer-firm/wp-includes/js/comment-reply.min6c2d.js]
[demo.misbahwp.com/corporate-lawyer-firm/wp-content/plugins/woocommerce/assets/js/sourcebuster/sourcebuster.min07af.js]
[demo.misbahwp.com/corporate-lawyer-firm/index.html]
[demo.misbahwp.com/corporate-lawyer-firm/wp-content/plugins/woocommerce/assets/js/frontend/order-attribution.min07af.js]
[demo.misbahwp.com/corporate-lawyer-firm/wp-includes/css/dist/block-library/style.min6c2d.css]
[demo.misbahwp.com/corporate-lawyer-firm/wp-content/plugins/top-bar/css/topbar_style6c2d.css]
[demo.misbahwp.com/corporate-lawyer-firm/wp-content/plugins/contact-form-7/includes/css/styles6a4d.css]
[demo.misbahwp.com/corporate-lawyer-firm/wp-content/plugins/woocommerce/assets/css/woocommerce-layout07af.css]
[demo.misbahwp.com/corporate-lawyer-firm/wp-content/plugins/woocommerce/assets/css/woocommerce-smallscreen07af.css]
[demo.misbahwp.com/corporate-lawyer-firm/wp-content/plugins/woocommerce/assets/fonts/WooCommerce.woff2]
[demo.misbahwp.com/corporate-lawyer-firm/wp-content/plugins/woocommerce/assets/fonts/WooCommerce.woff]
[demo.misbahwp.com/corporate-lawyer-firm/wp-content/plugins/woocommerce/assets/fonts/WooCommerce.ttf]
[demo.misbahwp.com/corporate-lawyer-firm/wp-content/plugins/woocommerce/assets/css/woocommerce07af.css]
[demo.misbahwp.com/corporate-lawyer-firm/wp-content/plugins/woocommerce/assets/css/brands07af.css]
[demo.misbahwp.com/corporate-lawyer-firm/wp-content/themes/corporate-lawyer-firm-pro/css/bootstrap268f.css]
[demo.misbahwp.com/corporate-lawyer-firm/wp-content/themes/corporate-lawyer-firm-pro/webfonts/fa-brands-400.eot]
[demo.misbahwp.com/corporate-lawyer-firm/wp-content/themes/corporate-lawyer-firm-pro/webfonts/fa-brands-400d41d.eot]
[demo.misbahwp.com/corporate-lawyer-firm/wp-content/themes/corporate-lawyer-firm-pro/webfonts/fa-brands-400.woff2]
[demo.misbahwp.com/corporate-lawyer-firm/wp-content/themes/corporate-lawyer-firm-pro/webfonts/fa-brands-400.woff]
[demo.misbahwp.com/corporate-lawyer-firm/wp-content/themes/corporate-lawyer-firm-pro/webfonts/fa-brands-400.ttf]
[demo.misbahwp.com/corporate-lawyer-firm/wp-content/themes/corporate-lawyer-firm-pro/webfonts/fa-brands-400.svg]
[demo.misbahwp.com/corporate-lawyer-firm/wp-content/themes/corporate-lawyer-firm-pro/webfonts/fa-regular-400.eot]
[demo.misbahwp.com/corporate-lawyer-firm/wp-content/themes/corporate-lawyer-firm-pro/webfonts/fa-regular-400d41d.eot]
[demo.misbahwp.com/corporate-lawyer-firm/wp-content/themes/corporate-lawyer-firm-pro/webfonts/fa-regular-400.woff2]
[demo.misbahwp.com/corporate-lawyer-firm/wp-content/themes/corporate-lawyer-firm-pro/webfonts/fa-regular-400.woff]
[demo.misbahwp.com/corporate-lawyer-firm/wp-content/themes/corporate-lawyer-firm-pro/webfonts/fa-regular-400.ttf]
[demo.misbahwp.com/corporate-lawyer-firm/wp-content/themes/corporate-lawyer-firm-pro/webfonts/fa-regular-400.svg]
[demo.misbahwp.com/corporate-lawyer-firm/wp-content/themes/corporate-lawyer-firm-pro/webfonts/fa-solid-900.eot]
[demo.misbahwp.com/corporate-lawyer-firm/wp-content/themes/corporate-lawyer-firm-pro/webfonts/fa-solid-900d41d.eot]
[demo.misbahwp.com/corporate-lawyer-firm/wp-content/themes/corporate-lawyer-firm-pro/webfonts/fa-solid-900.woff2]
[demo.misbahwp.com/corporate-lawyer-firm/wp-content/themes/corporate-lawyer-firm-pro/webfonts/fa-solid-900.woff]
[demo.misbahwp.com/corporate-lawyer-firm/wp-content/themes/corporate-lawyer-firm-pro/webfonts/fa-solid-900.ttf]
[demo.misbahwp.com/corporate-lawyer-firm/wp-content/themes/corporate-lawyer-firm-pro/css/fontawesome-all268f.css]
[demo.misbahwp.com/corporate-lawyer-firm/wp-content/themes/corporate-lawyer-firm-pro/webfonts/fa-solid-900.svg]
[demo.misbahwp.com/corporate-lawyer-firm/wp-content/themes/corporate-lawyer-firm-pro/css/owl.video.play.png]
[demo.misbahwp.com/corporate-lawyer-firm/wp-content/themes/corporate-lawyer-firm-pro/css/owl.carousel531b.css]
[demo.misbahwp.com/corporate-lawyer-firm/wp-content/themes/corporate-lawyer-firm-pro/css/animates0235.css]
[demo.misbahwp.com/corporate-lawyer-firm/wp-content/themes/corporate-lawyer-firm-pro/css/woocommerce0235.css]
[demo.misbahwp.com/corporate-lawyer-firm/wp-content/themes/corporate-lawyer-firm-pro/style6c2d.css]
[demo.misbahwp.com/corporate-lawyer-firm/wp-includes/fonts/dashicons7d4b.eot]
[demo.misbahwp.com/corporate-lawyer-firm/wp-includes/fonts/dashicons7d4b.ttf]
[demo.misbahwp.com/corporate-lawyer-firm/wp-includes/css/dashicons.min6c2d.css]
[demo.misbahwp.com/corporate-lawyer-firm/wp-includes/js/jquery/jquery.minf43b.js]
[demo.misbahwp.com/corporate-lawyer-firm/wp-includes/js/jquery/jquery-migrate.min5589.js]
[demo.misbahwp.com/corporate-lawyer-firm/wp-content/plugins/top-bar/js/tpbr_front.min6c2d.js]
[demo.misbahwp.com/corporate-lawyer-firm/wp-content/plugins/woocommerce/assets/js/jquery-blockui/jquery.blockUI.mincaed.js]
[demo.misbahwp.com/corporate-lawyer-firm/wp-content/plugins/woocommerce/assets/js/frontend/add-to-cart.min07af.js]
[demo.misbahwp.com/corporate-lawyer-firm/wp-content/plugins/woocommerce/assets/js/js-cookie/js.cookie.minc848.js]
[demo.misbahwp.com/corporate-lawyer-firm/wp-content/plugins/woocommerce/assets/js/frontend/woocommerce.min07af.js]
[demo.misbahwp.com/corporate-lawyer-firm/wp-json/wp/v2/pages/19.json]
[demo.misbahwp.com/corporate-lawyer-firm/wp-json/oembed/1.0/embeddeba.json]
[demo.misbahwp.com/corporate-lawyer-firm/wp-json/oembed/1.0/embed558d]
[demo.misbahwp.com/corporate-lawyer-firm/wp-content/themes/corporate-lawyer-firm-pro/assets/css/main-css/home-page.css]
[demo.misbahwp.com/corporate-lawyer-firm/case-studies/index.html]
[demo.misbahwp.com/corporate-lawyer-firm/wp-json/wp/v2/pages/13.json]
[demo.misbahwp.com/corporate-lawyer-firm/wp-json/oembed/1.0/embed62aa.json]
[demo.misbahwp.com/corporate-lawyer-firm/wp-json/oembed/1.0/embed8685]
[demo.misbahwp.com/corporate-lawyer-firm/wp-content/uploads/sites/105/2024/07/case-studies3-150x150.png]
[demo.misbahwp.com/corporate-lawyer-firm/2024/07/index.html]
[demo.misbahwp.com/corporate-lawyer-firm/wp-content/uploads/sites/105/2024/07/case-studies2-150x150.png]
[demo.misbahwp.com/corporate-lawyer-firm/wp-content/uploads/sites/105/2024/07/case-studies4-150x150.png]
[demo.misbahwp.com/corporate-lawyer-firm/wp-content/uploads/sites/105/2024/07/latest-news5-150x150.png]
[demo.misbahwp.com/corporate-lawyer-firm/wp-content/uploads/sites/105/2024/07/latest-news4-150x150.png]
[demo.misbahwp.com/corporate-lawyer-firm/wp-content/uploads/sites/105/2024/07/latest-news3-150x150.png]
[demo.misbahwp.com/corporate-lawyer-firm/blog/index.html]
[demo.misbahwp.com/corporate-lawyer-firm/2024/07/27/hello-world/index.html]
[demo.misbahwp.com/corporate-lawyer-firm/wp-json/wp/v2/pages/14.json]
[demo.misbahwp.com/corporate-lawyer-firm/wp-json/oembed/1.0/embedc18d.json]
[demo.misbahwp.com/corporate-lawyer-firm/post-left-sidebar/index.html]
[demo.misbahwp.com/corporate-lawyer-firm/wp-json/oembed/1.0/embeddaa1]
[demo.misbahwp.com/corporate-lawyer-firm/wp-json/wp/v2/pages/15.json]
[demo.misbahwp.com/corporate-lawyer-firm/wp-json/oembed/1.0/embed6828.json]
[demo.misbahwp.com/corporate-lawyer-firm/post-right-sidebar/index.html]
[demo.misbahwp.com/corporate-lawyer-firm/wp-json/oembed/1.0/embeda935]
[demo.misbahwp.com/corporate-lawyer-firm/wp-json/wp/v2/pages/16.json]
[demo.misbahwp.com/corporate-lawyer-firm/wp-json/oembed/1.0/embed9ca6.json]
[demo.misbahwp.com/corporate-lawyer-firm/wp-json/oembed/1.0/embed47c5]
[demo.misbahwp.com/lms-education/wp-content/uploads/sites/11/2024/05/Latest-News5.png]
[demo.misbahwp.com/lms-education/wp-content/uploads/sites/11/2024/05/Latest-News4.png]
[demo.misbahwp.com/lms-education/wp-content/uploads/sites/11/2024/05/Latest-News3.png]
[demo.misbahwp.com/lms-education/wp-content/uploads/sites/11/2024/05/Latest-News2.png]
[demo.misbahwp.com/lms-education/wp-content/uploads/sites/11/2024/05/Latest-News1.png]
[demo.misbahwp.com/lms-education/wp-content/uploads/sites/11/2024/05/Software-Training4.png]
[demo.misbahwp.com/lms-education/wp-content/uploads/sites/11/2024/05/Software-Training3.png]
[demo.misbahwp.com/lms-education/wp-content/uploads/sites/11/2024/05/Software-Training2.png]
[demo.misbahwp.com/corporate-lawyer-firm/page/index.html]
[demo.misbahwp.com/corporate-lawyer-firm/wp-json/wp/v2/pages/97.json]
[demo.misbahwp.com/corporate-lawyer-firm/wp-json/oembed/1.0/embed9462.json]
[demo.misbahwp.com/corporate-lawyer-firm/page-right-sidebar/index.html]
[demo.misbahwp.com/corporate-lawyer-firm/wp-json/oembed/1.0/embedd9b1]
[demo.misbahwp.com/corporate-lawyer-firm/wp-json/wp/v2/pages/95.json]
[demo.misbahwp.com/corporate-lawyer-firm/wp-json/oembed/1.0/embed6132.json]
[demo.misbahwp.com/corporate-lawyer-firm/page-left-sidebar/index.html]
[demo.misbahwp.com/corporate-lawyer-firm/contact/index.html]
[demo.misbahwp.com/corporate-lawyer-firm/wp-content/plugins/woocommerce/assets/css/select207af.css]
[demo.misbahwp.com/corporate-lawyer-firm/wp-content/plugins/woocommerce/assets/js/frontend/country-select.min07af.js]
[demo.misbahwp.com/corporate-lawyer-firm/wp-content/plugins/woocommerce/assets/js/frontend/address-i18n.min07af.js]
[demo.misbahwp.com/corporate-lawyer-firm/wp-content/plugins/woocommerce/assets/js/frontend/cart.min07af.js]
[demo.misbahwp.com/corporate-lawyer-firm/wp-content/plugins/woocommerce/assets/js/selectWoo/selectWoo.full.min0828.js]
[demo.misbahwp.com/corporate-lawyer-firm/wp-json/wp/v2/pages/7.json]
[demo.misbahwp.com/corporate-lawyer-firm/wp-json/oembed/1.0/embed8944.json]
[demo.misbahwp.com/corporate-lawyer-firm/wp-json/oembed/1.0/embedafd8]
[demo.misbahwp.com/corporate-lawyer-firm/wp-content/plugins/woocommerce/assets/client/blocks/all-products6512.css]
[demo.misbahwp.com/corporate-lawyer-firm/wp-content/plugins/woocommerce/assets/client/blocks/cart6512.css]
[demo.misbahwp.com/corporate-lawyer-firm/wp-content/plugins/woocommerce/assets/client/blocks/packages-style6512.css]
[demo.misbahwp.com/corporate-lawyer-firm/wp-includes/js/dist/vendor/wp-polyfill.min2c7c.js]
[demo.misbahwp.com/corporate-lawyer-firm/wp-content/plugins/woocommerce/assets/client/blocks/wc-cart-checkout-base-frontend982a.js]
[demo.misbahwp.com/corporate-lawyer-firm/wp-content/plugins/woocommerce/assets/client/blocks/wc-cart-checkout-vendors-frontenddf6c.js]
[demo.misbahwp.com/corporate-lawyer-firm/wp-includes/js/dist/vendor/react.mine1ab.js]
[demo.misbahwp.com/corporate-lawyer-firm/wp-includes/js/dist/vendor/react-jsx-runtime.mincb06.js]
[demo.misbahwp.com/corporate-lawyer-firm/wp-includes/js/dist/vendor/react-dom.mine1ab.js]
[demo.misbahwp.com/corporate-lawyer-firm/wp-content/plugins/woocommerce/assets/client/blocks/wc-types0613.js]
[demo.misbahwp.com/corporate-lawyer-firm/wp-content/plugins/woocommerce/assets/client/blocks/blocks-checkout-events076b.js]
[demo.misbahwp.com/corporate-lawyer-firm/wp-includes/js/dist/url.mind63a.js]
[demo.misbahwp.com/corporate-lawyer-firm/wp-includes/js/dist/api-fetch.minc31c.js]
[demo.misbahwp.com/corporate-lawyer-firm/wp-admin/admin-ajaxf809.php]
[demo.misbahwp.com/corporate-lawyer-firm/wp-content/plugins/woocommerce/assets/client/blocks/wc-settings5806.js]
[demo.misbahwp.com/corporate-lawyer-firm/wp-includes/js/dist/deprecated.min0a8b.js]
[demo.misbahwp.com/corporate-lawyer-firm/wp-includes/js/dist/dom.minbe50.js]
[demo.misbahwp.com/corporate-lawyer-firm/wp-includes/js/dist/escape-html.min3a9d.js]
[demo.misbahwp.com/corporate-lawyer-firm/wp-includes/js/dist/element.minfa0f.js]
[demo.misbahwp.com/corporate-lawyer-firm/wp-includes/js/dist/is-shallow-equal.mincb09.js]
[demo.misbahwp.com/corporate-lawyer-firm/wp-includes/js/dist/keycodes.min8cc0.js]
[demo.misbahwp.com/corporate-lawyer-firm/wp-includes/js/dist/priority-queue.minc7db.js]
[demo.misbahwp.com/corporate-lawyer-firm/wp-includes/js/dist/compose.minb1f8.js]
[demo.misbahwp.com/corporate-lawyer-firm/wp-includes/js/dist/private-apis.mine8e0.js]
[demo.misbahwp.com/corporate-lawyer-firm/wp-includes/js/dist/redux-routine.min29d8.js]
[demo.misbahwp.com/corporate-lawyer-firm/wp-includes/js/dist/data.mindba4.js]
[demo.misbahwp.com/corporate-lawyer-firm/wp-content/plugins/woocommerce/assets/client/blocks/wc-blocks-registry1fb4.js]
[demo.misbahwp.com/corporate-lawyer-firm/wp-includes/js/dist/data-controls.min01e0.js]
[demo.misbahwp.com/corporate-lawyer-firm/wp-includes/js/dist/html-entities.min5b55.js]
[demo.misbahwp.com/corporate-lawyer-firm/wp-includes/js/dist/notices.minfe2f.js]
[demo.misbahwp.com/corporate-lawyer-firm/wp-content/plugins/woocommerce/assets/client/blocks/wc-blocks-middlewaree7cf.js]
[demo.misbahwp.com/corporate-lawyer-firm/wp-content/plugins/woocommerce/assets/client/blocks/wc-blocks-data286f.js]
[demo.misbahwp.com/corporate-lawyer-firm/wp-includes/js/dist/dom-ready.min5346.js]
[demo.misbahwp.com/corporate-lawyer-firm/wp-includes/js/dist/a11y.min3f73.js]
[demo.misbahwp.com/corporate-lawyer-firm/wp-includes/js/dist/primitives.min4e94.js]
[demo.misbahwp.com/corporate-lawyer-firm/wp-content/plugins/woocommerce/assets/client/blocks/blocks-components9010.js]
[demo.misbahwp.com/corporate-lawyer-firm/wp-includes/js/dist/warning.min85d7.js]
[demo.misbahwp.com/corporate-lawyer-firm/wp-content/plugins/woocommerce/assets/client/blocks/blocks-checkoutae68.js]
[demo.misbahwp.com/corporate-lawyer-firm/wp-content/plugins/woocommerce/assets/client/blocks/wc-blocks-shared-contextc8b7.js]
[demo.misbahwp.com/corporate-lawyer-firm/wp-content/plugins/woocommerce/assets/client/blocks/wc-blocks-shared-hocseab1.js]
[demo.misbahwp.com/corporate-lawyer-firm/wp-content/plugins/woocommerce/assets/client/blocks/price-formatc609.js]
[demo.misbahwp.com/corporate-lawyer-firm/wp-includes/js/dist/autop.min33af.js]
[demo.misbahwp.com/corporate-lawyer-firm/wp-includes/js/dist/plugins.min8a16.js]
[demo.misbahwp.com/corporate-lawyer-firm/wp-includes/js/dist/style-engine.min2236.js]
[demo.misbahwp.com/corporate-lawyer-firm/wp-includes/js/dist/wordcount.min9ebf.js]
[demo.misbahwp.com/corporate-lawyer-firm/wp-content/plugins/woocommerce/assets/client/blocks/cart-frontende89f.js]
[demo.misbahwp.com/corporate-lawyer-firm/cart/index.html]
[demo.misbahwp.com/corporate-lawyer-firm/wp-json/oembed/1.0/embedf343.json]
[demo.misbahwp.com/corporate-lawyer-firm/our_services/education-law/feed/index.html]
[demo.misbahwp.com/corporate-lawyer-firm/wp-json/oembed/1.0/embeda896]
[demo.misbahwp.com/corporate-lawyer-firm/author/admin/index.html]
[demo.misbahwp.com/corporate-lawyer-firm/our_services/education-law/index.html]
[demo.misbahwp.com/corporate-lawyer-firm/wp-json/oembed/1.0/embed6e03.json]
[demo.misbahwp.com/corporate-lawyer-firm/our_services/criminal-law/feed/index.html]
[demo.misbahwp.com/corporate-lawyer-firm/wp-json/oembed/1.0/embed08f6]
[demo.misbahwp.com/corporate-lawyer-firm/our_services/criminal-law/index.html]
[demo.misbahwp.com/corporate-lawyer-firm/our_services/cyber-law/feed/index.html]
[demo.misbahwp.com/corporate-lawyer-firm/wp-json/oembed/1.0/embed9d17.json]
[demo.misbahwp.com/corporate-lawyer-firm/wp-json/oembed/1.0/embed0619]
[demo.misbahwp.com/corporate-lawyer-firm/our_services/cyber-law/index.html]
[demo.misbahwp.com/corporate-lawyer-firm/wp-json/oembed/1.0/embedff5a.json]
[demo.misbahwp.com/corporate-lawyer-firm/our_services/civil-law/feed/index.html]
[demo.misbahwp.com/corporate-lawyer-firm/wp-json/oembed/1.0/embed4fe6]
[demo.misbahwp.com/corporate-lawyer-firm/our_services/civil-law/index.html]
[demo.misbahwp.com/corporate-lawyer-firm/our_services/family-law/feed/index.html]
[demo.misbahwp.com/corporate-lawyer-firm/wp-json/oembed/1.0/embedc1f0.json]
[demo.misbahwp.com/corporate-lawyer-firm/wp-json/oembed/1.0/embedb37f]
[demo.misbahwp.com/corporate-lawyer-firm/our_services/family-law/index.html]
[demo.misbahwp.com/corporate-lawyer-firm/our_services/business-law/feed/index.html]
[demo.misbahwp.com/corporate-lawyer-firm/wp-json/oembed/1.0/embeda68d.json]
[demo.misbahwp.com/corporate-lawyer-firm/wp-json/oembed/1.0/embed59bf]
[demo.misbahwp.com/corporate-lawyer-firm/our_services/business-law/index.html]
[demo.misbahwp.com/corporate-lawyer-firm/wp-json/oembed/1.0/embed5bcb.json]
[demo.misbahwp.com/corporate-lawyer-firm/case_studies/the-power-of-cooperation-2/feed/index.html]
[demo.misbahwp.com/corporate-lawyer-firm/wp-json/oembed/1.0/embed9c63]
[demo.misbahwp.com/corporate-lawyer-firm/case_studies/the-power-of-cooperation-2/index.html]
[demo.misbahwp.com/corporate-lawyer-firm/case_studies/the-insurance-paid-hospital-2/feed/index.html]
[demo.misbahwp.com/corporate-lawyer-firm/wp-json/oembed/1.0/embed7d58.json]
[demo.misbahwp.com/corporate-lawyer-firm/wp-json/oembed/1.0/embeddf2e]
[demo.misbahwp.com/corporate-lawyer-firm/case_studies/the-insurance-paid-hospital-2/index.html]
[demo.misbahwp.com/corporate-lawyer-firm/wp-json/oembed/1.0/embed394a.json]
[demo.misbahwp.com/corporate-lawyer-firm/case_studies/strange-accident-happened-2/feed/index.html]
[demo.misbahwp.com/corporate-lawyer-firm/wp-json/oembed/1.0/embedc4a7]
[demo.misbahwp.com/corporate-lawyer-firm/case_studies/strange-accident-happened-2/index.html]
[demo.misbahwp.com/corporate-lawyer-firm/case_studies/international-tax-treaties-2/feed/index.html]
[demo.misbahwp.com/corporate-lawyer-firm/wp-json/oembed/1.0/embeda60a.json]
[demo.misbahwp.com/corporate-lawyer-firm/wp-json/oembed/1.0/embed6d3f]
[demo.misbahwp.com/corporate-lawyer-firm/case_studies/international-tax-treaties-2/index.html]
[demo.misbahwp.com/corporate-lawyer-firm/case_studies/the-power-of-cooperation/feed/index.html]
[demo.misbahwp.com/corporate-lawyer-firm/wp-json/oembed/1.0/embed4848.json]
[demo.misbahwp.com/corporate-lawyer-firm/wp-json/oembed/1.0/embed1284]
[demo.misbahwp.com/corporate-lawyer-firm/case_studies/the-power-of-cooperation/index.html]
[demo.misbahwp.com/corporate-lawyer-firm/case_studies/international-tax-treaties/feed/index.html]
[demo.misbahwp.com/corporate-lawyer-firm/wp-json/oembed/1.0/embed19e9.json]
[demo.misbahwp.com/corporate-lawyer-firm/wp-json/oembed/1.0/embed9d73]
[demo.misbahwp.com/corporate-lawyer-firm/case_studies/international-tax-treaties/index.html]
[demo.misbahwp.com/corporate-lawyer-firm/case_studies/the-insurance-paid-hospital/feed/index.html]
[demo.misbahwp.com/corporate-lawyer-firm/wp-json/oembed/1.0/embed5e5c.json]
[demo.misbahwp.com/corporate-lawyer-firm/wp-json/oembed/1.0/embed66c7]
[demo.misbahwp.com/corporate-lawyer-firm/case_studies/the-insurance-paid-hospital/index.html]
[demo.misbahwp.com/corporate-lawyer-firm/case_studies/strange-accident-happened/feed/index.html]
[demo.misbahwp.com/corporate-lawyer-firm/wp-json/oembed/1.0/embedc308.json]
[demo.misbahwp.com/corporate-lawyer-firm/wp-json/oembed/1.0/embed2704]
[demo.misbahwp.com/corporate-lawyer-firm/case_studies/strange-accident-happened/index.html]
[demo.misbahwp.com/corporate-lawyer-firm/2024/07/27/why-law-firms-love-reputation-management-companies-2/feed/index.html]
[demo.misbahwp.com/corporate-lawyer-firm/wp-json/wp/v2/posts/73.json]
[demo.misbahwp.com/corporate-lawyer-firm/wp-json/oembed/1.0/embedaa21.json]
[demo.misbahwp.com/corporate-lawyer-firm/wp-json/oembed/1.0/embed8d11]
[demo.misbahwp.com/corporate-lawyer-firm/2024/07/27/why-law-firms-love-reputation-management-companies-2/index.html]
[demo.misbahwp.com/corporate-lawyer-firm/2024/07/27/lets-welcome-a-world-class-packaging-team-built-for-you-2/feed/index.html]
[demo.misbahwp.com/corporate-lawyer-firm/wp-json/wp/v2/posts/71.json]
[demo.misbahwp.com/corporate-lawyer-firm/2024/07/27/index.html]
[demo.misbahwp.com/corporate-lawyer-firm/wp-json/oembed/1.0/embedfe52.json]
[demo.misbahwp.com/corporate-lawyer-firm/wp-json/oembed/1.0/embed6d65]
[demo.misbahwp.com/corporate-lawyer-firm/2024/07/27/lets-welcome-a-world-class-packaging-team-built-for-you-2/index.html]
[demo.misbahwp.com/corporate-lawyer-firm/2024/07/27/discover-a-better-way-of-redefining-company-goals-faster-2/feed/index.html]
[demo.misbahwp.com/corporate-lawyer-firm/wp-json/wp/v2/posts/69.json]
[demo.misbahwp.com/corporate-lawyer-firm/wp-json/oembed/1.0/embed29f6.json]
[demo.misbahwp.com/corporate-lawyer-firm/wp-json/oembed/1.0/embed2c5c]
[demo.misbahwp.com/corporate-lawyer-firm/2024/07/27/discover-a-better-way-of-redefining-company-goals-faster-2/index.html]
[demo.misbahwp.com/corporate-lawyer-firm/2024/07/27/why-law-firms-love-reputation-management-companies/feed/index.html]
[demo.misbahwp.com/corporate-lawyer-firm/wp-json/wp/v2/posts/67.json]
[demo.misbahwp.com/corporate-lawyer-firm/wp-json/oembed/1.0/embed5d21.json]
[demo.misbahwp.com/corporate-lawyer-firm/wp-json/oembed/1.0/embed8046]
[demo.misbahwp.com/corporate-lawyer-firm/2024/07/27/why-law-firms-love-reputation-management-companies/index.html]
[demo.misbahwp.com/corporate-lawyer-firm/2024/07/27/lets-welcome-a-world-class-packaging-team-built-for-you/feed/index.html]
[demo.misbahwp.com/corporate-lawyer-firm/wp-json/wp/v2/posts/65.json]
[demo.misbahwp.com/corporate-lawyer-firm/wp-json/oembed/1.0/embed2343.json]
[demo.misbahwp.com/corporate-lawyer-firm/wp-json/oembed/1.0/embed65f6]
[demo.misbahwp.com/corporate-lawyer-firm/2024/07/27/lets-welcome-a-world-class-packaging-team-built-for-you/index.html]
[demo.misbahwp.com/corporate-lawyer-firm/2024/07/27/discover-a-better-way-of-redefining-company-goals-faster/feed/index.html]
[demo.misbahwp.com/corporate-lawyer-firm/wp-json/wp/v2/posts/63.json]
[demo.misbahwp.com/corporate-lawyer-firm/wp-json/oembed/1.0/embed9b11.json]
[demo.misbahwp.com/corporate-lawyer-firm/wp-json/oembed/1.0/embed68be]
[demo.misbahwp.com/corporate-lawyer-firm/2024/07/27/discover-a-better-way-of-redefining-company-goals-faster/index.html]
[localhost/seffcon_new/wp-content/uploads/2024/06/footer-logo.html]
[demo.misbahwp.com/corporate-lawyer-firm/index.php/index.html]
[demo.misbahwp.com/corporate-lawyer-firm/wp-content/plugins/woocommerce/assets/client/blocks/wc-blocks6512.css]
[demo.misbahwp.com/corporate-lawyer-firm/wp-includes/js/dist/hooks.min4fdd.js]
[demo.misbahwp.com/corporate-lawyer-firm/wp-includes/js/dist/i18n.minc33c.js]
[demo.misbahwp.com/corporate-lawyer-firm/wp-content/plugins/contact-form-7/includes/swv/js/index6a4d.js]
[demo.misbahwp.com/corporate-lawyer-firm/wp-content/plugins/contact-form-7/includes/js/index6a4d.js]
[demo.misbahwp.com/corporate-lawyer-firm/wp-content/themes/corporate-lawyer-firm-pro/js/navigation5152.js]
[demo.misbahwp.com/corporate-lawyer-firm/wp-content/themes/corporate-lawyer-firm-pro/js/owl.carousel531b.js]
[demo.misbahwp.com/corporate-lawyer-firm/wp-content/themes/corporate-lawyer-firm-pro/js/script5152.js]
[demo.misbahwp.com/corporate-lawyer-firm/wp-includes/js/comment-reply.min6c2d.js]
[demo.misbahwp.com/corporate-lawyer-firm/wp-content/plugins/woocommerce/assets/js/sourcebuster/sourcebuster.min07af.js]
[demo.misbahwp.com/corporate-lawyer-firm/wp-content/plugins/woocommerce/assets/js/frontend/order-attribution.min07af.js]
[demo.misbahwp.com/corporate-lawyer-firm/wp-content/plugins/woocommerce/assets/images/icons/loader.svg]
[demo.misbahwp.com/corporate-lawyer-firm/wp-content/themes/corporate-lawyer-firm-pro/webfonts/fa-brands-400.svg]
[demo.misbahwp.com/corporate-lawyer-firm/wp-content/themes/corporate-lawyer-firm-pro/webfonts/fa-regular-400.svg]
[demo.misbahwp.com/corporate-lawyer-firm/wp-content/themes/corporate-lawyer-firm-pro/webfonts/fa-solid-900.svg]
[demo.misbahwp.com/corporate-lawyer-firm/wp-content/themes/corporate-lawyer-firm-pro/css/owl.video.play.html]
[demo.misbahwp.com/corporate-lawyer-firm/index5831.html]
[demo.misbahwp.com/corporate-lawyer-firm/wp-content/themes/corporate-lawyer-firm-pro/assets/css/main-css/home-page.html]
[demo.misbahwp.com/corporate-lawyer-firm/index2dc4.html]
[demo.misbahwp.com/corporate-lawyer-firm/2024/07/index.html]
[demo.misbahwp.com/corporate-lawyer-firm/2024/07/27/hello-world/feed/index.html]
[demo.misbahwp.com/corporate-lawyer-firm/wp-json/wp/v2/posts/1.json]
[demo.misbahwp.com/corporate-lawyer-firm/wp-json/oembed/1.0/embedddba.json]
[demo.misbahwp.com/corporate-lawyer-firm/wp-json/oembed/1.0/embedd91c]
[demo.misbahwp.com/corporate-lawyer-firm/2024/07/27/hello-world/index.html]
[demo.misbahwp.com/corporate-lawyer-firm/index0b69.html]
[demo.misbahwp.com/corporate-lawyer-firm/indexa1ca.html]
[demo.misbahwp.com/corporate-lawyer-firm/index0e62.html]
[demo.misbahwp.com/lms-education/wp-content/uploads/sites/11/2024/05/Latest-News5.html]
[demo.misbahwp.com/lms-education/wp-content/uploads/sites/11/2024/05/Latest-News4.html]
[demo.misbahwp.com/lms-education/wp-content/uploads/sites/11/2024/05/Latest-News3.html]
[demo.misbahwp.com/lms-education/wp-content/uploads/sites/11/2024/05/Latest-News2.html]
[demo.misbahwp.com/lms-education/wp-content/uploads/sites/11/2024/05/Latest-News1.html]
[demo.misbahwp.com/lms-education/wp-content/uploads/sites/11/2024/05/Software-Training4.html]
[demo.misbahwp.com/lms-education/wp-content/uploads/sites/11/2024/05/Software-Training3.html]
[demo.misbahwp.com/lms-education/wp-content/uploads/sites/11/2024/05/Software-Training2.html]
[demo.misbahwp.com/corporate-lawyer-firm/indexb190.html]
[demo.misbahwp.com/corporate-lawyer-firm/index5eda.html]
[demo.misbahwp.com/corporate-lawyer-firm/wp-json/oembed/1.0/embede86a.html]
[demo.misbahwp.com/corporate-lawyer-firm/wp-json/wp/v2/pages/17.html]
[demo.misbahwp.com/corporate-lawyer-firm/indexd8eb.html]
[demo.misbahwp.com/corporate-lawyer-firm/wp-json/oembed/1.0/embed2b80.html]
[demo.misbahwp.com/corporate-lawyer-firm/wp-json/oembed/1.0/embedcac6.html]
[demo.misbahwp.com/corporate-lawyer-firm/2024/07/27/hello-world/index6809.html]
[demo.misbahwp.com/corporate-lawyer-firm/wp-content/plugins/woocommerce/assets/css/select207af.css]
[demo.misbahwp.com/corporate-lawyer-firm/wp-content/plugins/woocommerce/assets/js/frontend/country-select.min07af.js]
[demo.misbahwp.com/corporate-lawyer-firm/wp-content/plugins/woocommerce/assets/js/frontend/address-i18n.min07af.js]
[demo.misbahwp.com/corporate-lawyer-firm/wp-content/plugins/woocommerce/assets/js/frontend/cart.min07af.js]
[demo.misbahwp.com/corporate-lawyer-firm/wp-content/plugins/woocommerce/assets/js/selectWoo/selectWoo.full.min0828.js]
[demo.misbahwp.com/corporate-lawyer-firm/indexc4f7.html]
[demo.misbahwp.com/corporate-lawyer-firm/wp-content/plugins/woocommerce/assets/client/blocks/all-products6512.css]
[demo.misbahwp.com/corporate-lawyer-firm/wp-content/plugins/woocommerce/assets/client/blocks/cart6512.css]
[demo.misbahwp.com/corporate-lawyer-firm/wp-content/plugins/woocommerce/assets/client/blocks/packages-style6512.css]
[demo.misbahwp.com/corporate-lawyer-firm/wp-includes/js/dist/vendor/wp-polyfill.min2c7c.js]
[demo.misbahwp.com/corporate-lawyer-firm/wp-content/plugins/woocommerce/assets/client/blocks/wc-cart-checkout-base-frontend982a.js]
[demo.misbahwp.com/corporate-lawyer-firm/cart/Node.js/index.html]
[demo.misbahwp.com/corporate-lawyer-firm/cart/Deno/index.html]
[demo.misbahwp.com/corporate-lawyer-firm/cart/GET.13e.delayed]
[demo.misbahwp.com/corporate-lawyer-firm/cart/Bun/index.html]
[demo.misbahwp.com/corporate-lawyer-firm/wp-content/plugins/woocommerce/assets/client/blocks/wc-cart-checkout-vendors-frontenddf6c.js]
[demo.misbahwp.com/corporate-lawyer-firm/wp-includes/js/dist/vendor/react.mine1ab.js]
[demo.misbahwp.com/corporate-lawyer-firm/wp-includes/js/dist/vendor/react-jsx-runtime.mincb06.js]
[demo.misbahwp.com/corporate-lawyer-firm/wp-includes/js/dist/vendor/react-dom.mine1ab.js]
[demo.misbahwp.com/corporate-lawyer-firm/wp-content/plugins/woocommerce/assets/client/blocks/wc-types0613.js]
[demo.misbahwp.com/corporate-lawyer-firm/wp-content/plugins/woocommerce/assets/client/blocks/blocks-checkout-events076b.js]
[demo.misbahwp.com/corporate-lawyer-firm/wp-includes/js/dist/url.mind63a.js]
[demo.misbahwp.com/corporate-lawyer-firm/wp-includes/js/dist/api-fetch.minc31c.js]
[demo.misbahwp.com/corporate-lawyer-firm/wp-admin/admin-ajaxf809.html]
[demo.misbahwp.com/corporate-lawyer-firm/wp-content/plugins/woocommerce/assets/client/blocks/wc-settings5806.js]
[demo.misbahwp.com/corporate-lawyer-firm/wp-includes/js/dist/deprecated.min0a8b.js]
[demo.misbahwp.com/corporate-lawyer-firm/wp-includes/js/dist/dom.minbe50.js]
[demo.misbahwp.com/corporate-lawyer-firm/wp-includes/js/dist/escape-html.min3a9d.js]
[demo.misbahwp.com/corporate-lawyer-firm/wp-includes/js/dist/element.minfa0f.js]
[demo.misbahwp.com/corporate-lawyer-firm/wp-includes/js/dist/is-shallow-equal.mincb09.js]
[demo.misbahwp.com/corporate-lawyer-firm/wp-includes/js/dist/keycodes.min8cc0.js]
[demo.misbahwp.com/corporate-lawyer-firm/wp-includes/js/dist/priority-queue.minc7db.js]
[demo.misbahwp.com/corporate-lawyer-firm/wp-includes/js/dist/compose.minb1f8.js]
[demo.misbahwp.com/corporate-lawyer-firm/wp-includes/js/dist/private-apis.mine8e0.js]
[demo.misbahwp.com/corporate-lawyer-firm/wp-includes/js/dist/redux-routine.min29d8.js]
[demo.misbahwp.com/corporate-lawyer-firm/wp-includes/js/dist/data.mindba4.js]
[demo.misbahwp.com/corporate-lawyer-firm/wp-content/plugins/woocommerce/assets/client/blocks/wc-blocks-registry1fb4.js]
[demo.misbahwp.com/corporate-lawyer-firm/wp-includes/js/dist/data-controls.min01e0.js]
[demo.misbahwp.com/corporate-lawyer-firm/wp-includes/js/dist/html-entities.min5b55.js]
[demo.misbahwp.com/corporate-lawyer-firm/wp-includes/js/dist/notices.minfe2f.js]
[demo.misbahwp.com/corporate-lawyer-firm/wp-content/plugins/woocommerce/assets/client/blocks/wc-blocks-middlewaree7cf.js]
[demo.misbahwp.com/corporate-lawyer-firm/cart/site-editor.php]
[demo.misbahwp.com/corporate-lawyer-firm/cart/$&/index.html]
[demo.misbahwp.com/corporate-lawyer-firm/cart/post.php]
[demo.misbahwp.com/corporate-lawyer-firm/wp-content/plugins/woocommerce/assets/client/blocks/wc-blocks-data286f.js]
[demo.misbahwp.com/corporate-lawyer-firm/wp-includes/js/dist/dom-ready.min5346.js]
[demo.misbahwp.com/corporate-lawyer-firm/wp-includes/js/dist/a11y.min3f73.js]
[demo.misbahwp.com/corporate-lawyer-firm/wp-includes/js/dist/primitives.min4e94.js]
[demo.misbahwp.com/corporate-lawyer-firm/wp-content/plugins/woocommerce/assets/client/blocks/blocks-components9010.js]
[demo.misbahwp.com/corporate-lawyer-firm/wp-includes/js/dist/warning.min85d7.js]
[demo.misbahwp.com/corporate-lawyer-firm/wp-content/plugins/woocommerce/assets/client/blocks/blocks-checkoutae68.js]
[demo.misbahwp.com/corporate-lawyer-firm/wp-content/plugins/woocommerce/assets/client/blocks/wc-blocks-shared-contextc8b7.js]
[demo.misbahwp.com/corporate-lawyer-firm/wp-content/plugins/woocommerce/assets/client/blocks/wc-blocks-shared-hocseab1.js]
[demo.misbahwp.com/corporate-lawyer-firm/wp-content/plugins/woocommerce/assets/client/blocks/price-formatc609.js]
[demo.misbahwp.com/corporate-lawyer-firm/wp-includes/js/dist/autop.min33af.js]
[demo.misbahwp.com/corporate-lawyer-firm/wp-includes/js/dist/plugins.min8a16.js]
[demo.misbahwp.com/corporate-lawyer-firm/wp-includes/js/dist/style-engine.min2236.js]
[demo.misbahwp.com/corporate-lawyer-firm/wp-includes/js/dist/wordcount.min9ebf.js]
[demo.misbahwp.com/corporate-lawyer-firm/wp-content/plugins/woocommerce/assets/client/blocks/cart-frontende89f.js]
[demo.misbahwp.com/corporate-lawyer-firm/our_services/education-law/feed/index.html]
[demo.misbahwp.com/corporate-lawyer-firm/indexcbb6.html]
[demo.misbahwp.com/corporate-lawyer-firm/wp-json/wp/v2/users/1.json]
[demo.misbahwp.com/corporate-lawyer-firm/author/admin/index.html]
[demo.misbahwp.com/corporate-lawyer-firm/our_services/criminal-law/feed/index.html]
[demo.misbahwp.com/corporate-lawyer-firm/index4170.html]
[demo.misbahwp.com/corporate-lawyer-firm/author/admin/feed/index.html]
[demo.misbahwp.com/corporate-lawyer-firm/our_services/cyber-law/feed/index.html]
[demo.misbahwp.com/corporate-lawyer-firm/index5e74.html]
[demo.misbahwp.com/corporate-lawyer-firm/our_services/civil-law/feed/index.html]
[demo.misbahwp.com/corporate-lawyer-firm/index5c90.html]
[demo.misbahwp.com/corporate-lawyer-firm/our_services/family-law/feed/index.html]
[demo.misbahwp.com/corporate-lawyer-firm/index4837.html]
[demo.misbahwp.com/corporate-lawyer-firm/our_services/business-law/feed/index.html]
[demo.misbahwp.com/corporate-lawyer-firm/indexba52.html]
[demo.misbahwp.com/corporate-lawyer-firm/case_studies/the-power-of-cooperation-2/feed/index.html]
[demo.misbahwp.com/corporate-lawyer-firm/index094d.html]
[demo.misbahwp.com/corporate-lawyer-firm/case_studies/the-insurance-paid-hospital-2/feed/index.html]
[demo.misbahwp.com/corporate-lawyer-firm/index1098.html]
[demo.misbahwp.com/corporate-lawyer-firm/case_studies/strange-accident-happened-2/feed/index.html]
[demo.misbahwp.com/corporate-lawyer-firm/index8054.html]
[demo.misbahwp.com/corporate-lawyer-firm/case_studies/international-tax-treaties-2/feed/index.html]
[demo.misbahwp.com/corporate-lawyer-firm/index9787.html]
[demo.misbahwp.com/corporate-lawyer-firm/case_studies/the-power-of-cooperation/feed/index.html]
[demo.misbahwp.com/corporate-lawyer-firm/index5fb3.html]
[demo.misbahwp.com/corporate-lawyer-firm/case_studies/international-tax-treaties/feed/index.html]
[demo.misbahwp.com/corporate-lawyer-firm/index0012.html]
[demo.misbahwp.com/corporate-lawyer-firm/case_studies/the-insurance-paid-hospital/feed/index.html]
[demo.misbahwp.com/corporate-lawyer-firm/index8cf7.html]
[demo.misbahwp.com/corporate-lawyer-firm/case_studies/strange-accident-happened/feed/index.html]
[demo.misbahwp.com/corporate-lawyer-firm/indexcb30.html]
[demo.misbahwp.com/corporate-lawyer-firm/index8cae.html]
[demo.misbahwp.com/corporate-lawyer-firm/2024/07/27/index.html]
[demo.misbahwp.com/corporate-lawyer-firm/index6cf3.html]
[demo.misbahwp.com/corporate-lawyer-firm/indexe2dc.html]
[demo.misbahwp.com/corporate-lawyer-firm/index96f1.html]
[demo.misbahwp.com/corporate-lawyer-firm/index7665.html]
[demo.misbahwp.com/corporate-lawyer-firm/index2cce.html]
[fonts.googleapis.com/index.html]
[fonts.googleapis.com/css24d2f]
[fonts.googleapis.com/css2eb94]
[cdnjs.cloudflare.com/ajax/libs/wow/1.1.2/wow.min.js]
[cdnjs.cloudflare.com/ajax/libs/wow/1.1.2/wow.js]
[demo.misbahwp.com/corporate-lawyer-firm/indexcff1.html]
[demo.misbahwp.com/corporate-lawyer-firm/2024/07/27/hello-world/index6809.html]
[www.misbahwp.com/cart/49065704325432_1]
[demo.misbahwp.com/corporate-lawyer-firm/cart/Bun/index.html]
[demo.misbahwp.com/corporate-lawyer-firm/cart/Deno/index.html]
[demo.misbahwp.com/corporate-lawyer-firm/cart/Node.js/index.html]
[demo.misbahwp.com/corporate-lawyer-firm/cart/Components must be wrapped within `SlotFillProv/developer.wordpress.org/block-editor/components/slot-fill/index.html]
[demo.misbahwp.com/corporate-lawyer-firm/cart/GET.html]
[demo.misbahwp.com/corporate-lawyer-firm/cart/$&/index.html]
[demo.misbahwp.com/corporate-lawyer-firm/cart/site-editor.html]
[demo.misbahwp.com/corporate-lawyer-firm/cart/post.html]
[demo.misbahwp.com/corporate-lawyer-firm/cart/Components must be wrapped within SlotFillProvi/developer.wordpress.org/block-editor/components/slot-fill/index.html]
[www.facebook.com/index.html]
[twitter.com/index9ed2.html]
[in.linkedin.com/index.html]
[www.instagram.com/index.html]
[maps.google.com/maps8e8c]
[www.google.com/maps]
[www.misbahwp.com/index.html]
[www.google.com/maps/place/272+Rodney+St,+Brooklyn,+NY+11211,+USA/@40.7068609,-73.958814,17z/data=!3m1!4b1!4m6!3m5!1s0x89c25be12b43e029_0x34/g/11cp99crd8834f]
[maps.google.com/maps37f4]
[demo.misbahwp.com/corporate-lawyer-firm/cart/Components must be wrapped within SlotFillProvi/developer.wordpress.org/block-editor/components/slot-fill/index.html]
[www.facebook.com/sharer/sharerd3f0.php]
[twitter.com/share4621]
[www.facebook.com/sharer/sharerf90a.php]
[twitter.com/share0bb9]
[www.facebook.com/sharer/sharer7e55.php]
[twitter.com/sharefbec]
[www.facebook.com/sharer/sharer44b8.php]
[twitter.com/share6f8e]
[www.facebook.com/sharer/sharereebe.php]
[twitter.com/share4071]
[www.facebook.com/sharer/sharera29f.php]
[twitter.com/share0a7a]
[www.facebook.com/sharer/sharer39fd.php]
[twitter.com/sharefcb1]
[www.facebook.com/sharer/sharere7ed.php]
[twitter.com/sharef606]
[www.facebook.com/sharer/sharerf58b.php]
[twitter.com/share17dc]
[www.facebook.com/sharer/sharerffa1.php]
[twitter.com/share27c7]
[www.facebook.com/sharer/sharer9c0e.php]
[twitter.com/share0a07]
[www.facebook.com/sharer/sharer4c9f.php]
[twitter.com/share1181]
[www.facebook.com/sharer/sharerf966.php]
[twitter.com/share65ec]
[www.facebook.com/sharer/sharer420c.php]
[twitter.com/share77f5]
[www.facebook.com/sharer/sharer4a60.php]
[twitter.com/shared0e6]
[www.facebook.com/sharer/sharer727f.php]
[twitter.com/sharef2ac]
[www.facebook.com/sharer/sharer92b0.php]
[twitter.com/share09de]
[www.facebook.com/sharer/sharer2ee0.php]
[twitter.com/share2aa0]
[www.facebook.com/sharer/sharer2a94.php]
[twitter.com/share4ef2]
[www.facebook.com/sharer/sharera0c3.php]
[twitter.com/share1ff7]
[www.facebook.com/sharer/sharer5c29.php]
[twitter.com/sharee63d]
